--- Simulating Extraction ---

--- Extracted Entities ---
gender: Male
dob: 12-05-2020
name: ABHAYRAJ SHEKHAR THORAT
address: OF PARENTS AT THE TIME OF BIRTH: TASGAON, TASGAON, SANGLI PERMANENT ADDRESS OF PARENTS: TASGAON, TASGAON, SANGLI, MAHARASHTRA 416312
registration_number: B-2020:
date_of_registration: 13-05-2020
place_of_birth: RURAL HOSPITAL TASGAON
father_name: SHEKHAR GOPAL THORAT
mother_name: SHITAL SHEKHAR THORAT
permanent_address: TASGAON, TASGAON, SANGLI, MAHARASHTRA 416312
Γ£à name matched
Γ£à gender matched
Γ£à dob matched
Γ¥î Mismatch for registration_number:
   Expected: 'B-2020: 27-90593-000017'
   Got:      'B-2020:'
Γ£à date_of_registration matched
Γ£à place_of_birth matched
Γ£à father_name matched
Γ£à mother_name matched
Γ£à permanent_address matched

FAILURE: Some fields were not extracted correctly.
